###############################################################################
#
# IAR ELF Linker V9.10.1.308/W64 for ARM                  16/Dec/2025  08:44:25
# Copyright 2007-2021 IAR Systems AB.
#
#    Output file  =
#        D:\DeepLearning\IAR_PROJECTS\Embedded\Door-Lock-Project\HMI_ECU_DIR\Debug\Exe\HMI_ECU.out
#    Map file     =
#        D:\DeepLearning\IAR_PROJECTS\Embedded\Door-Lock-Project\HMI_ECU_DIR\Debug\List\HMI_ECU.map
#    Command line =
#        -f
#        D:\DeepLearning\IAR_PROJECTS\Embedded\Door-Lock-Project\HMI_ECU_DIR\Debug\Exe\HMI_ECU.out.rsp
#        (D:\DeepLearning\IAR_PROJECTS\Embedded\Door-Lock-Project\HMI_ECU_DIR\Debug\Obj\HMI_ECU\MCAL\adc.o
#        D:\DeepLearning\IAR_PROJECTS\Embedded\Door-Lock-Project\HMI_ECU_DIR\Debug\Obj\HMI_ECU\MCAL\dio.o
#        D:\DeepLearning\IAR_PROJECTS\Embedded\Door-Lock-Project\HMI_ECU_DIR\Debug\Obj\HMI_ECU\Application\HMI_main.o
#        D:\DeepLearning\IAR_PROJECTS\Embedded\Door-Lock-Project\HMI_ECU_DIR\Debug\Obj\HMI_ECU\HAL\keypad.o
#        D:\DeepLearning\IAR_PROJECTS\Embedded\Door-Lock-Project\HMI_ECU_DIR\Debug\Obj\HMI_ECU\HAL\lcd.o
#        D:\DeepLearning\IAR_PROJECTS\Embedded\Door-Lock-Project\HMI_ECU_DIR\Debug\Obj\HMI_ECU\HAL\potentiometer.o
#        D:\DeepLearning\IAR_PROJECTS\Embedded\Door-Lock-Project\HMI_ECU_DIR\Debug\Obj\HMI_ECU\MCAL\systick.o
#        D:\DeepLearning\IAR_PROJECTS\Embedded\Door-Lock-Project\HMI_ECU_DIR\Debug\Obj\HMI_ECU\MCAL\uart.o
#        --no_out_extension -o
#        D:\DeepLearning\IAR_PROJECTS\Embedded\Door-Lock-Project\HMI_ECU_DIR\Debug\Exe\HMI_ECU.out
#        --redirect _Printf=_PrintfFullNoMb --redirect _Scanf=_ScanfFullNoMb
#        --map
#        D:\DeepLearning\IAR_PROJECTS\Embedded\Door-Lock-Project\HMI_ECU_DIR\Debug\List\HMI_ECU.map
#        --config "D:\programs\IAR Systems\Emdeded Workbench
#        9.0_2\arm\config\linker\TexasInstruments\TM4C123GH6.icf" --semihosting
#        --entry __iar_program_start --vfe --text_out locale)
#
###############################################################################

*******************************************************************************
*** RUNTIME MODEL ATTRIBUTES
***

CppFlavor       = *
__SystemLibrary = DLib
__dlib_version  = 6


*******************************************************************************
*** HEAP SELECTION
***

The basic heap was selected because no calls to memory allocation
functions were found in the application outside of system library
functions, and there are calls to deallocation functions in the
application.


*******************************************************************************
*** PLACEMENT SUMMARY
***

"A0":  place at address 0x0 { ro section .intvec };
"P1":  place in [from 0x0 to 0x3'ffff] { ro };
define block CSTACK with size = 4K, alignment = 8 { };
define block HEAP with size = 8K, alignment = 8 { };
"P2":  place in [from 0x2000'0000 to 0x2000'7fff] {
          rw, block CSTACK, block HEAP };
initialize by copy { rw };

  Section            Kind         Address    Size  Object
  -------            ----         -------    ----  ------
"A0":                                        0x40
  .intvec            ro code          0x0    0x40  vector_table_M.o [6]
                                   - 0x40    0x40

"P1":                                      0x3858
  .text              ro code         0x40   0xf16  xprintffull_nomb.o [4]
  .text              ro code        0xf56    0x3a  packbits_init_single.o [6]
  .text              ro code        0xf90    0x16  strchr.o [6]
  .text              ro code        0xfa6     0xa  xsprout.o [4]
  .text              ro code        0xfb0    0x40  xfail_s.o [4]
  .text              ro code        0xff0    0x36  strlen.o [6]
  .text              ro code       0x1026     0x2  vectortrap_M.o [6]
  .text              ro code       0x1028    0x58  memchr.o [6]
  .text              ro code       0x1080    0x76  ABImemcpy_unaligned.o [6]
  .text              ro code       0x10f8    0x70  frexp.o [5]
  .text              ro code       0x1168    0x34  DblCmpLe.o [5]
  .text              ro code       0x119c    0x34  DblCmpGe.o [5]
  .text              ro code       0x11d0   0x13a  ldexp.o [5]
  .text              ro code       0x130c    0x36  DblToS32.o [5]
  .text              ro code       0x1344    0x22  S32ToDbl.o [5]
  .text              ro code       0x1368   0x24e  DblAddSub.o [5]
  .text              ro code       0x15b8   0x246  DblDiv.o [5]
  .text              ro code       0x1800    0x22  DblToU32.o [5]
  .text              ro code       0x1824    0x1c  U32ToDbl.o [5]
  .text              ro code       0x1840   0x1aa  DblMul.o [5]
  .text              ro code       0x19ec   0x230  I64DivMod.o [6]
  .text              ro code       0x1c1c     0x6  abort.o [4]
  .text              ro code       0x1c24     0x2  I64DivZer.o [6]
  .text              ro code       0x1c28    0x14  exit.o [7]
  .text              ro code       0x1c3c   0xe70  HMI_main.o [1]
  .text              ro code       0x2aac    0x60  systick.o [3]
  .text              ro code       0x2b0c   0x1cc  lcd.o [2]
  .text              ro code       0x2cd8   0x130  keypad.o [2]
  .text              ro code       0x2e08    0x12  potentiometer.o [2]
  .text              ro code       0x2e1c   0x4ec  dio.o [3]
  .text              ro code       0x3308   0x144  uart.o [3]
  .text              ro code       0x344c    0x40  sprintf.o [4]
  .text              ro code       0x348c   0x118  adc.o [3]
  .text              ro code       0x35a4    0x28  data_init.o [6]
  .text              ro code       0x35cc    0x22  fpinit_M.o [5]
  .iar.init_table    const         0x35f0    0x10  - Linker created -
  .text              ro code       0x3600    0x1e  cmain.o [6]
  .text              ro code       0x361e     0x4  low_level_init.o [4]
  .text              ro code       0x3622     0x4  exit.o [4]
  .text              ro code       0x3628     0xa  cexit.o [6]
  .text              ro code       0x3634    0x1c  cstartup_M.o [6]
  .rodata            const         0x3650    0x14  HMI_main.o [1]
  .rodata            const         0x3664    0x14  HMI_main.o [1]
  .rodata            const         0x3678    0x14  HMI_main.o [1]
  .rodata            const         0x368c    0x14  HMI_main.o [1]
  .rodata            const         0x36a0    0x14  HMI_main.o [1]
  .rodata            const         0x36b4    0x10  HMI_main.o [1]
  .rodata            const         0x36c4    0x10  HMI_main.o [1]
  .rodata            const         0x36d4    0x10  HMI_main.o [1]
  .rodata            const         0x36e4    0x10  HMI_main.o [1]
  .rodata            const         0x36f4    0x10  HMI_main.o [1]
  .rodata            const         0x3704    0x10  HMI_main.o [1]
  .rodata            const         0x3714    0x10  HMI_main.o [1]
  .rodata            const         0x3724    0x10  HMI_main.o [1]
  .rodata            const         0x3734    0x10  HMI_main.o [1]
  .rodata            const         0x3744    0x10  HMI_main.o [1]
  .rodata            const         0x3754    0x10  HMI_main.o [1]
  .rodata            const         0x3764    0x10  HMI_main.o [1]
  .rodata            const         0x3774    0x10  HMI_main.o [1]
  .rodata            const         0x3784    0x10  HMI_main.o [1]
  .rodata            const         0x3794    0x10  HMI_main.o [1]
  .rodata            const         0x37a4    0x10  HMI_main.o [1]
  .rodata            const         0x37b4    0x10  HMI_main.o [1]
  .rodata            const         0x37c4    0x10  HMI_main.o [1]
  .rodata            const         0x37d4    0x10  HMI_main.o [1]
  .rodata            const         0x37e4    0x10  HMI_main.o [1]
  .rodata            const         0x37f4    0x10  HMI_main.o [1]
  .rodata            const         0x3804    0x10  HMI_main.o [1]
  .rodata            const         0x3814    0x10  HMI_main.o [1]
  .rodata            const         0x3824    0x10  HMI_main.o [1]
  .rodata            const         0x3834    0x10  keypad.o [2]
  .rodata            const         0x3844     0xc  HMI_main.o [1]
  .rodata            const         0x3850     0xc  HMI_main.o [1]
  .rodata            const         0x385c     0xc  HMI_main.o [1]
  .rodata            const         0x3868     0xc  HMI_main.o [1]
  .rodata            const         0x3874     0xc  HMI_main.o [1]
  .rodata            const         0x3880     0x4  keypad.o [2]
  .rodata            const         0x3884     0x4  keypad.o [2]
  .rodata            const         0x3888     0x4  keypad.o [2]
  .rodata            const         0x388c     0x4  keypad.o [2]
  .rodata            const         0x3890     0x0  packbits_init_single.o [6]
  Initializer bytes  const         0x3890     0x8  <for P2-1>
                                 - 0x3898  0x3858

"P2", part 1 of 2:                           0x1a
  P2-1                        0x2000'0000    0x1a  <Init block>
    .bss             inited   0x2000'0000     0x8  HMI_main.o [1]
    .bss             inited   0x2000'0008     0x8  HMI_main.o [1]
    .bss             inited   0x2000'0010     0x4  xfail_s.o [4]
    .data            inited   0x2000'0014     0x1  HMI_main.o [1]
    .data            inited   0x2000'0015     0x1  HMI_main.o [1]
    .data            inited   0x2000'0016     0x1  HMI_main.o [1]
    .bss             inited   0x2000'0017     0x1  HMI_main.o [1]
    .bss             inited   0x2000'0018     0x1  HMI_main.o [1]
    .bss             inited   0x2000'0019     0x1  systick.o [3]
                            - 0x2000'001a    0x1a

"P2", part 2 of 2:                         0x1000
  CSTACK                      0x2000'0020  0x1000  <Block>
    CSTACK           uninit   0x2000'0020  0x1000  <Block tail>
                            - 0x2000'1020  0x1000

Unused ranges:

         From           To      Size
         ----           --      ----
       0x3898     0x3'ffff  0x3'c768
  0x2000'001a  0x2000'001f       0x6
  0x2000'1020  0x2000'7fff    0x6fe0


*******************************************************************************
*** INIT TABLE
***

          Address      Size
          -------      ----
Copy/packbits (__iar_packbits_init_single3)
    1 source range, total size 0x8 (30% of destination):
               0x3890   0x8
    1 destination range, total size 0x1a:
          0x2000'0000  0x1a



*******************************************************************************
*** MODULE SUMMARY
***

    Module                  ro code  ro data  rw data
    ------                  -------  -------  -------
command line/config:
    -------------------------------------------------
    Total:

D:\DeepLearning\IAR_PROJECTS\Embedded\Door-Lock-Project\HMI_ECU_DIR\Debug\Obj\HMI_ECU\Application: [1]
    HMI_main.o                3'696      549       21
    -------------------------------------------------
    Total:                    3'696      549       21

D:\DeepLearning\IAR_PROJECTS\Embedded\Door-Lock-Project\HMI_ECU_DIR\Debug\Obj\HMI_ECU\HAL: [2]
    keypad.o                    304       32
    lcd.o                       460
    potentiometer.o              18
    -------------------------------------------------
    Total:                      782       32

D:\DeepLearning\IAR_PROJECTS\Embedded\Door-Lock-Project\HMI_ECU_DIR\Debug\Obj\HMI_ECU\MCAL: [3]
    adc.o                       280
    dio.o                     1'260
    systick.o                    96        1        1
    uart.o                      324
    -------------------------------------------------
    Total:                    1'960        1        1

dl7M_tln.a: [4]
    abort.o                       6
    exit.o                        4
    low_level_init.o              4
    sprintf.o                    64
    xfail_s.o                    64        2        4
    xprintffull_nomb.o        3'862
    xsprout.o                    10
    -------------------------------------------------
    Total:                    4'014        2        4

m7M_tls.a: [5]
    DblAddSub.o                 590
    DblCmpGe.o                   52
    DblCmpLe.o                   52
    DblDiv.o                    582
    DblMul.o                    426
    DblToS32.o                   54
    DblToU32.o                   34
    S32ToDbl.o                   34
    U32ToDbl.o                   28
    fpinit_M.o                   34
    frexp.o                     112
    ldexp.o                     314
    -------------------------------------------------
    Total:                    2'312

rt7M_tl.a: [6]
    ABImemcpy_unaligned.o       118
    I64DivMod.o                 560
    I64DivZer.o                   2
    cexit.o                      10
    cmain.o                      30
    cstartup_M.o                 28
    data_init.o                  40
    memchr.o                     88
    packbits_init_single.o       58
    strchr.o                     22
    strlen.o                     54
    vector_table_M.o             64
    vectortrap_M.o                2
    -------------------------------------------------
    Total:                    1'076

shb_l.a: [7]
    exit.o                       20
    -------------------------------------------------
    Total:                       20

    Gaps                         26        2
    Linker created                        16    4'096
-----------------------------------------------------
    Grand Total:             13'886      602    4'122


*******************************************************************************
*** ENTRY LIST
***

Entry                       Address   Size  Type      Object
-----                       -------   ----  ----      ------
.iar.init_table$$Base        0x35f0          --   Gb  - Linker created -
.iar.init_table$$Limit       0x3600          --   Gb  - Linker created -
?main                        0x3601         Code  Gb  cmain.o [6]
ADC_Init                     0x348d   0xa2  Code  Gb  adc.o [3]
ADC_Read                     0x352f   0x36  Code  Gb  adc.o [3]
BusFault_Handler             0x1027         Code  Wk  vectortrap_M.o [6]
CSTACK$$Base            0x2000'0020          --   Gb  - Linker created -
CSTACK$$Limit           0x2000'1020          --   Gb  - Linker created -
ClearPasswordBuffer          0x1ce9   0x30  Code  Gb  HMI_main.o [1]
DIO_Init                     0x2e1d  0x2a0  Code  Gb  dio.o [3]
DIO_ReadPin                  0x3169   0x48  Code  Gb  dio.o [3]
DIO_SetPUR                   0x31b1   0xa0  Code  Gb  dio.o [3]
DIO_WritePin                 0x30bd   0xac  Code  Gb  dio.o [3]
DebugMon_Handler             0x1027         Code  Wk  vectortrap_M.o [6]
DelayMs                      0x2adb   0x22  Code  Gb  systick.o [3]
DisplayMainMenu              0x1c87   0x28  Code  Gb  HMI_main.o [1]
DisplayTimeoutValue          0x1e0f   0x32  Code  Gb  HMI_main.o [1]
HardFault_Handler            0x1027         Code  Wk  vectortrap_M.o [6]
Keypad_GetKey                0x2d49   0xac  Code  Gb  keypad.o [2]
Keypad_Init                  0x2cd9   0x70  Code  Gb  keypad.o [2]
LCD_Clear                    0x2c83   0x10  Code  Gb  lcd.o [2]
LCD_EnablePulse              0x2b0d   0x24  Code  Lc  lcd.o [2]
LCD_Init                     0x2b71   0xaa  Code  Gb  lcd.o [2]
LCD_Send4Bits                0x2b31   0x40  Code  Lc  lcd.o [2]
LCD_SendCommand              0x2c1b   0x40  Code  Gb  lcd.o [2]
LCD_SendData                 0x2c5b   0x28  Code  Gb  lcd.o [2]
LCD_SetCursor                0x2c93   0x22  Code  Gb  lcd.o [2]
LCD_WriteChar                0x2ccb    0xe  Code  Gb  lcd.o [2]
LCD_WriteString              0x2cb5   0x16  Code  Gb  lcd.o [2]
MemManage_Handler            0x1027         Code  Wk  vectortrap_M.o [6]
NMI_Handler                  0x1027         Code  Wk  vectortrap_M.o [6]
POT_Init                     0x2e09    0xa  Code  Gb  potentiometer.o [2]
POT_ReadRaw                  0x2e13    0x8  Code  Gb  potentiometer.o [2]
PendSV_Handler               0x1027         Code  Wk  vectortrap_M.o [6]
ProcessKey                   0x1e41  0xa1a  Code  Gb  HMI_main.o [1]
ProcessKey::numberOfAttempts
                        0x2000'0018    0x1  Data  Lc  HMI_main.o [1]
ReadPotentiometerTimeout
                             0x1df1   0x1e  Code  Gb  HMI_main.o [1]
Region$$Table$$Base          0x35f0          --   Gb  - Linker created -
Region$$Table$$Limit         0x3600          --   Gb  - Linker created -
SVC_Handler                  0x1027         Code  Wk  vectortrap_M.o [6]
StatusLED_Blink              0x1cbd   0x2c  Code  Gb  HMI_main.o [1]
StatusLED_Off                0x1caf    0xe  Code  Gb  HMI_main.o [1]
StatusLED_On                 0x1c79    0xe  Code  Gb  HMI_main.o [1]
SysTick_Handler              0x1027         Code  Wk  vectortrap_M.o [6]
SysTick_Init                 0x2aad   0x2e  Code  Gb  systick.o [3]
System_Init                  0x1c3d   0x3c  Code  Gb  HMI_main.o [1]
UART0_Init                   0x3309   0x84  Code  Gb  uart.o [3]
UART0_IsDataAvailable        0x3409   0x12  Code  Gb  uart.o [3]
UART0_ReceiveChar            0x339f   0x10  Code  Gb  uart.o [3]
UART0_SendChar               0x338d   0x12  Code  Gb  uart.o [3]
UART0_SendString             0x33af   0x16  Code  Gb  uart.o [3]
UART0_SendUInt               0x33c5   0x44  Code  Gb  uart.o [3]
UsageFault_Handler           0x1027         Code  Wk  vectortrap_M.o [6]
VerifyPassword               0x1d19   0x2c  Code  Gb  HMI_main.o [1]
_LitobFullNoMb                0xd5d  0x10c  Code  Lc  xprintffull_nomb.o [4]
_PrintfFullNoMb                0x41  0xcec  Code  Gb  xprintffull_nomb.o [4]
_PutcharFullNoMb              0xec1   0x20  Code  Lc  xprintffull_nomb.o [4]
_PutcharsFullNoMb             0xee1   0x2e  Code  Lc  xprintffull_nomb.o [4]
_SProut                       0xfa7    0xa  Code  Gb  xsprout.o [4]
__aeabi_cdcmple              0x1169         Code  Gb  DblCmpLe.o [5]
__aeabi_cdrcmple             0x119d         Code  Gb  DblCmpGe.o [5]
__aeabi_d2iz                 0x130d         Code  Gb  DblToS32.o [5]
__aeabi_d2uiz                0x1801         Code  Gb  DblToU32.o [5]
__aeabi_ddiv                 0x15b9         Code  Gb  DblDiv.o [5]
__aeabi_dmul                 0x1841         Code  Gb  DblMul.o [5]
__aeabi_dsub                 0x14d5         Code  Gb  DblAddSub.o [5]
__aeabi_i2d                  0x1345         Code  Gb  S32ToDbl.o [5]
__aeabi_ldiv0                0x1c25         Code  Gb  I64DivZer.o [6]
__aeabi_ui2d                 0x1825         Code  Gb  U32ToDbl.o [5]
__aeabi_uldivmod             0x19ed         Code  Gb  I64DivMod.o [6]
__cmain                      0x3601         Code  Gb  cmain.o [6]
__exit                       0x1c29   0x14  Code  Gb  exit.o [7]
__iar_Fail_s                  0xfb1   0x1c  Code  Gb  xfail_s.o [4]
__iar_Memchr                 0x1029         Code  Gb  memchr.o [6]
__iar_Strchr                  0xf91         Code  Gb  strchr.o [6]
__iar_data_init3             0x35a5   0x28  Code  Gb  data_init.o [6]
__iar_frexp                  0x1105         Code  Gb  frexp.o [5]
__iar_frexpl                 0x1105         Code  Gb  frexp.o [5]
__iar_init_vfp               0x35cd         Code  Gb  fpinit_M.o [5]
__iar_ldexp64                0x11d1         Code  Gb  ldexp.o [5]
__iar_packbits_init_single3
                              0xf57   0x3a  Code  Gb  packbits_init_single.o [6]
__iar_program_start          0x3635         Code  Gb  cstartup_M.o [6]
__iar_scalbln64              0x11d1         Code  Gb  ldexp.o [5]
__iar_scalbn64               0x11d1         Code  Gb  ldexp.o [5]
__iar_softfp___iar_frexp64
                             0x10f9         Code  Gb  frexp.o [5]
__iar_softfp_frexp           0x10f9         Code  Gb  frexp.o [5]
__iar_softfp_frexpl          0x10f9         Code  Gb  frexp.o [5]
__iar_unaligned_memcpy       0x1081         Code  Gb  ABImemcpy_unaligned.o [6]
__iar_unaligned_memcpy4
                             0x10a1         Code  Gb  ABImemcpy_unaligned.o [6]
__iar_unaligned_memcpy8
                             0x10a1         Code  Gb  ABImemcpy_unaligned.o [6]
__low_level_init             0x361f    0x4  Code  Gb  low_level_init.o [4]
__vector_table                  0x0         Data  Gb  vector_table_M.o [6]
_call_main                   0x360d         Code  Gb  cmain.o [6]
_exit                        0x3629         Code  Gb  cexit.o [6]
abort                        0x1c1d    0x6  Code  Gb  abort.o [4]
auto_lock_timeout       0x2000'0015    0x1  Data  Lc  HMI_main.o [1]
current_state           0x2000'0014    0x1  Data  Lc  HMI_main.o [1]
exit                         0x3623    0x4  Code  Gb  exit.o [4]
handleDoor_HMI               0x1d45   0xac  Code  Gb  HMI_main.o [1]
interruptMode           0x2000'0019    0x1  Data  Lc  systick.o [3]
keypad_codes                 0x3834   0x10  Data  Gb  keypad.o [2]
ldexp                        0x11d1         Code  Gb  ldexp.o [5]
ldexpl                       0x11d1         Code  Gb  ldexp.o [5]
main                         0x287d  0x19e  Code  Gb  HMI_main.o [1]
memchr                       0x1029         Code  Gb  memchr.o [6]
password                0x2000'0000    0x8  Data  Lc  HMI_main.o [1]
password_index          0x2000'0017    0x1  Data  Lc  HMI_main.o [1]
pending_timeout         0x2000'0016    0x1  Data  Lc  HMI_main.o [1]
scalbln                      0x11d1         Code  Gb  ldexp.o [5]
scalblnl                     0x11d1         Code  Gb  ldexp.o [5]
scalbn                       0x11d1         Code  Gb  ldexp.o [5]
scalbnl                      0x11d1         Code  Gb  ldexp.o [5]
scale                         0xe69   0x46  Code  Lc  xprintffull_nomb.o [4]
sec_hand                0x2000'0010    0x4  Data  Lc  xfail_s.o [4]
sprintf                      0x344d   0x40  Code  Gb  sprintf.o [4]
strchr                        0xf91         Code  Gb  strchr.o [6]
strlen                        0xff1         Code  Gb  strlen.o [6]
temp_password           0x2000'0008    0x8  Data  Lc  HMI_main.o [1]


[1] = D:\DeepLearning\IAR_PROJECTS\Embedded\Door-Lock-Project\HMI_ECU_DIR\Debug\Obj\HMI_ECU\Application
[2] = D:\DeepLearning\IAR_PROJECTS\Embedded\Door-Lock-Project\HMI_ECU_DIR\Debug\Obj\HMI_ECU\HAL
[3] = D:\DeepLearning\IAR_PROJECTS\Embedded\Door-Lock-Project\HMI_ECU_DIR\Debug\Obj\HMI_ECU\MCAL
[4] = dl7M_tln.a
[5] = m7M_tls.a
[6] = rt7M_tl.a
[7] = shb_l.a

  13'886 bytes of readonly  code memory
     602 bytes of readonly  data memory
   4'122 bytes of readwrite data memory

Errors: none
Warnings: none
