###############################################################################
#
# IAR ELF Linker V9.10.1.308/W64 for ARM                  21/Dec/2025  00:51:38
# Copyright 2007-2021 IAR Systems AB.
#
#    Output file  =
#        D:\DeepLearning\IAR_PROJECTS\Embedded\Door-Lock-Project\Testing\Debug\Exe\tests.out
#    Map file     =
#        D:\DeepLearning\IAR_PROJECTS\Embedded\Door-Lock-Project\Testing\Debug\List\tests.map
#    Command line =
#        -f
#        D:\DeepLearning\IAR_PROJECTS\Embedded\Door-Lock-Project\Testing\Debug\Exe\tests.out.rsp
#        (D:\DeepLearning\IAR_PROJECTS\Embedded\Door-Lock-Project\Testing\Debug\Obj\MCAL\adc.o
#        D:\DeepLearning\IAR_PROJECTS\Embedded\Door-Lock-Project\Testing\Debug\Obj\HAL\Buzzer.o
#        D:\DeepLearning\IAR_PROJECTS\Embedded\Door-Lock-Project\Testing\Debug\Obj\Unit_Test\buzzer_test.o
#        D:\DeepLearning\IAR_PROJECTS\Embedded\Door-Lock-Project\Testing\Debug\Obj\MCAL\dio.o
#        D:\DeepLearning\IAR_PROJECTS\Embedded\Door-Lock-Project\Testing\Debug\Obj\HAL\keypad.o
#        D:\DeepLearning\IAR_PROJECTS\Embedded\Door-Lock-Project\Testing\Debug\Obj\Integration_Testing\keypad_buzzer_integration_test.o
#        D:\DeepLearning\IAR_PROJECTS\Embedded\Door-Lock-Project\Testing\Debug\Obj\Integration_Testing\keypad_lcd_integration_test.o
#        D:\DeepLearning\IAR_PROJECTS\Embedded\Door-Lock-Project\Testing\Debug\Obj\Integration_Testing\keypad_motor_integration_test.o
#        D:\DeepLearning\IAR_PROJECTS\Embedded\Door-Lock-Project\Testing\Debug\Obj\Unit_Test\keyPad_test.o
#        D:\DeepLearning\IAR_PROJECTS\Embedded\Door-Lock-Project\Testing\Debug\Obj\HAL\lcd.o
#        D:\DeepLearning\IAR_PROJECTS\Embedded\Door-Lock-Project\Testing\Debug\Obj\Unit_Test\LCD_test.o
#        D:\DeepLearning\IAR_PROJECTS\Embedded\Door-Lock-Project\Testing\Debug\Obj\main.o
#        D:\DeepLearning\IAR_PROJECTS\Embedded\Door-Lock-Project\Testing\Debug\Obj\HAL\motor.o
#        D:\DeepLearning\IAR_PROJECTS\Embedded\Door-Lock-Project\Testing\Debug\Obj\Unit_Test\motor_test.o
#        D:\DeepLearning\IAR_PROJECTS\Embedded\Door-Lock-Project\Testing\Debug\Obj\Unit_Test\potentiameter_test.o
#        D:\DeepLearning\IAR_PROJECTS\Embedded\Door-Lock-Project\Testing\Debug\Obj\HAL\potentiometer.o
#        D:\DeepLearning\IAR_PROJECTS\Embedded\Door-Lock-Project\Testing\Debug\Obj\MCAL\systick.o
#        D:\DeepLearning\IAR_PROJECTS\Embedded\Door-Lock-Project\Testing\Debug\Obj\MCAL\uart.o
#        D:\DeepLearning\IAR_PROJECTS\Embedded\Door-Lock-Project\Testing\Debug\Obj\Unit_Test\uart_test.o
#        --no_out_extension -o
#        D:\DeepLearning\IAR_PROJECTS\Embedded\Door-Lock-Project\Testing\Debug\Exe\tests.out
#        --redirect _Printf=_PrintfFullNoMb --redirect _Scanf=_ScanfFullNoMb
#        --map
#        D:\DeepLearning\IAR_PROJECTS\Embedded\Door-Lock-Project\Testing\Debug\List\tests.map
#        --config "D:\programs\IAR Systems\Emdeded Workbench
#        9.0_2\arm\config\linker\TexasInstruments\TM4C123GH6.icf" --semihosting
#        --entry __iar_program_start --vfe --text_out locale)
#
###############################################################################

*******************************************************************************
*** RUNTIME MODEL ATTRIBUTES
***

CppFlavor       = *
__SystemLibrary = DLib
__dlib_version  = 6


*******************************************************************************
*** HEAP SELECTION
***

The basic heap was selected because no calls to memory allocation
functions were found in the application outside of system library
functions, and there are calls to deallocation functions in the
application.


*******************************************************************************
*** PLACEMENT SUMMARY
***

"A0":  place at address 0x0 { ro section .intvec };
"P1":  place in [from 0x0 to 0x3'ffff] { ro };
define block CSTACK with size = 4K, alignment = 8 { };
define block HEAP with size = 8K, alignment = 8 { };
"P2":  place in [from 0x2000'0000 to 0x2000'7fff] {
          rw, block CSTACK, block HEAP };
initialize by copy { rw };

  Section            Kind         Address    Size  Object
  -------            ----         -------    ----  ------
"A0":                                        0x40
  .intvec            ro code          0x0    0x40  vector_table_M.o [8]
                                   - 0x40    0x40

"P1":                                       0x24c
  .text              ro code         0x40    0xc0  uart.o [4]
  .text              ro code        0x100    0x3c  systick.o [4]
  .text              ro code        0x13c    0x2c  iarttio.o [9]
  .text              ro code        0x168     0x8  XShttio.o [6]
  .text              ro code        0x170    0x2a  copy_init3.o [8]
  .text              ro code        0x19a     0x2  vectortrap_M.o [8]
  .text              ro code        0x19c    0x28  data_init.o [8]
  .text              ro code        0x1c4    0x22  fpinit_M.o [7]
  .iar.init_table    const          0x1e8    0x14  - Linker created -
  .text              ro code        0x1fc    0x1e  cmain.o [8]
  .text              ro code        0x21a     0x4  low_level_init.o [6]
  .text              ro code        0x21e    0x16  main.o [1]
  .text              ro code        0x234     0x4  exit.o [6]
  .text              ro code        0x238     0xa  uart_test.o [5]
  .text              ro code        0x244     0xa  cexit.o [8]
  .text              ro code        0x250    0x14  exit.o [9]
  .text              ro code        0x264    0x1c  cstartup_M.o [8]
  Initializer bytes  const          0x280     0xc  <for P2-1>
  .rodata            const          0x28c     0x0  copy_init3.o [8]
                                  - 0x28c   0x24c

"P2", part 1 of 2:                            0xc
  P2-1                        0x2000'0000     0x9  <Init block>
    .data            inited   0x2000'0000     0x8  XShttio.o [6]
    .bss             inited   0x2000'0008     0x1  systick.o [4]
                            - 0x2000'0009     0x9

"P2", part 2 of 2:                         0x1000
  CSTACK                      0x2000'0010  0x1000  <Block>
    CSTACK           uninit   0x2000'0010  0x1000  <Block tail>
                            - 0x2000'1010  0x1000

Unused ranges:

         From           To      Size
         ----           --      ----
        0x28c     0x3'ffff  0x3'fd74
  0x2000'000c  0x2000'000f       0x4
  0x2000'1010  0x2000'7fff    0x6ff0


*******************************************************************************
*** INIT TABLE
***

          Address      Size
          -------      ----
Copy (__iar_copy_init3)
    1 source range, total size 0xc (133% of destination):
                0x280   0xc
    1 destination range, total size 0x9:
          0x2000'0000   0x9



*******************************************************************************
*** MODULE SUMMARY
***

    Module            ro code  ro data  rw data
    ------            -------  -------  -------
command line/config:
    -------------------------------------------
    Total:

D:\DeepLearning\IAR_PROJECTS\Embedded\Door-Lock-Project\Testing\Debug\Obj: [1]
    main.o                 22
    -------------------------------------------
    Total:                 22

D:\DeepLearning\IAR_PROJECTS\Embedded\Door-Lock-Project\Testing\Debug\Obj\HAL: [2]
    -------------------------------------------
    Total:

D:\DeepLearning\IAR_PROJECTS\Embedded\Door-Lock-Project\Testing\Debug\Obj\Integration_Testing: [3]
    -------------------------------------------
    Total:

D:\DeepLearning\IAR_PROJECTS\Embedded\Door-Lock-Project\Testing\Debug\Obj\MCAL: [4]
    systick.o              60        1        1
    uart.o                192
    -------------------------------------------
    Total:                252        1        1

D:\DeepLearning\IAR_PROJECTS\Embedded\Door-Lock-Project\Testing\Debug\Obj\Unit_Test: [5]
    uart_test.o            10
    -------------------------------------------
    Total:                 10

dl7M_tln.a: [6]
    XShttio.o               8        8        8
    exit.o                  4
    low_level_init.o        4
    -------------------------------------------
    Total:                 16        8        8

m7M_tls.a: [7]
    fpinit_M.o             34
    -------------------------------------------
    Total:                 34

rt7M_tl.a: [8]
    cexit.o                10
    cmain.o                30
    copy_init3.o           42
    cstartup_M.o           28
    data_init.o            40
    vector_table_M.o       64
    vectortrap_M.o          2
    -------------------------------------------
    Total:                216

shb_l.a: [9]
    exit.o                 20
    iarttio.o              44
    -------------------------------------------
    Total:                 64

    Gaps                    4        2
    Linker created                  23    4'096
-----------------------------------------------
    Grand Total:          618       34    4'105


*******************************************************************************
*** ENTRY LIST
***

Entry                       Address  Size  Type      Object
-----                       -------  ----  ----      ------
.iar.init_table$$Base         0x1e8         --   Gb  - Linker created -
.iar.init_table$$Limit        0x1fc         --   Gb  - Linker created -
?main                         0x1fd        Code  Gb  cmain.o [8]
BusFault_Handler              0x19b        Code  Wk  vectortrap_M.o [8]
CSTACK$$Base            0x2000'0010         --   Gb  - Linker created -
CSTACK$$Limit           0x2000'1010         --   Gb  - Linker created -
DebugMon_Handler              0x19b        Code  Wk  vectortrap_M.o [8]
HardFault_Handler             0x19b        Code  Wk  vectortrap_M.o [8]
MemManage_Handler             0x19b        Code  Wk  vectortrap_M.o [8]
NMI_Handler                   0x19b        Code  Wk  vectortrap_M.o [8]
PendSV_Handler                0x19b        Code  Wk  vectortrap_M.o [8]
Region$$Table$$Base           0x1e8         --   Gb  - Linker created -
Region$$Table$$Limit          0x1fc         --   Gb  - Linker created -
SVC_Handler                   0x19b        Code  Wk  vectortrap_M.o [8]
SysTick_Handler               0x19b        Code  Wk  vectortrap_M.o [8]
SysTick_Init                  0x101  0x2c  Code  Gb  systick.o [4]
UART0_Init                     0x41  0x7e  Code  Gb  uart.o [4]
UART0_SendChar                 0xbf  0x10  Code  Gb  uart.o [4]
UsageFault_Handler            0x19b        Code  Wk  vectortrap_M.o [8]
__cmain                       0x1fd        Code  Gb  cmain.o [8]
__exit                        0x251  0x14  Code  Gb  exit.o [9]
__iar_close_ttio              0x13d  0x2c  Code  Gb  iarttio.o [9]
__iar_copy_init3              0x171  0x2a  Code  Gb  copy_init3.o [8]
__iar_data_init3              0x19d  0x28  Code  Gb  data_init.o [8]
__iar_init_vfp                0x1c5        Code  Gb  fpinit_M.o [7]
__iar_lookup_ttioh            0x169   0x8  Code  Gb  XShttio.o [6]
__iar_program_start           0x265        Code  Gb  cstartup_M.o [8]
__iar_ttio_handles      0x2000'0000   0x8  Data  Lc  XShttio.o [6]
__low_level_init              0x21b   0x4  Code  Gb  low_level_init.o [6]
__vector_table                  0x0        Data  Gb  vector_table_M.o [8]
_call_main                    0x209        Code  Gb  cmain.o [8]
_exit                         0x245        Code  Gb  cexit.o [8]
exit                          0x235   0x4  Code  Gb  exit.o [6]
interruptMode           0x2000'0008   0x1  Data  Lc  systick.o [4]
main                          0x21f  0x16  Code  Gb  main.o [1]
uart_send_test                0x239   0xa  Code  Gb  uart_test.o [5]


[1] = D:\DeepLearning\IAR_PROJECTS\Embedded\Door-Lock-Project\Testing\Debug\Obj
[2] = D:\DeepLearning\IAR_PROJECTS\Embedded\Door-Lock-Project\Testing\Debug\Obj\HAL
[3] = D:\DeepLearning\IAR_PROJECTS\Embedded\Door-Lock-Project\Testing\Debug\Obj\Integration_Testing
[4] = D:\DeepLearning\IAR_PROJECTS\Embedded\Door-Lock-Project\Testing\Debug\Obj\MCAL
[5] = D:\DeepLearning\IAR_PROJECTS\Embedded\Door-Lock-Project\Testing\Debug\Obj\Unit_Test
[6] = dl7M_tln.a
[7] = m7M_tls.a
[8] = rt7M_tl.a
[9] = shb_l.a

    618 bytes of readonly  code memory
     34 bytes of readonly  data memory
  4'105 bytes of readwrite data memory

Errors: none
Warnings: none
