###############################################################################
#
# IAR ELF Linker V9.10.1.308/W64 for ARM                  19/Dec/2025  16:41:53
# Copyright 2007-2021 IAR Systems AB.
#
#    Output file  =
#        D:\DeepLearning\IAR_PROJECTS\Embedded\Door-Lock-Project\Testing\Debug\Exe\tests.out
#    Map file     =
#        D:\DeepLearning\IAR_PROJECTS\Embedded\Door-Lock-Project\Testing\Debug\List\tests.map
#    Command line =
#        -f
#        D:\DeepLearning\IAR_PROJECTS\Embedded\Door-Lock-Project\Testing\Debug\Exe\tests.out.rsp
#        (D:\DeepLearning\IAR_PROJECTS\Embedded\Door-Lock-Project\Testing\Debug\Obj\MCAL\adc.o
#        D:\DeepLearning\IAR_PROJECTS\Embedded\Door-Lock-Project\Testing\Debug\Obj\HAL\Buzzer.o
#        D:\DeepLearning\IAR_PROJECTS\Embedded\Door-Lock-Project\Testing\Debug\Obj\MCAL\dio.o
#        D:\DeepLearning\IAR_PROJECTS\Embedded\Door-Lock-Project\Testing\Debug\Obj\HAL\keypad.o
#        D:\DeepLearning\IAR_PROJECTS\Embedded\Door-Lock-Project\Testing\Debug\Obj\HAL\lcd.o
#        D:\DeepLearning\IAR_PROJECTS\Embedded\Door-Lock-Project\Testing\Debug\Obj\main.o
#        D:\DeepLearning\IAR_PROJECTS\Embedded\Door-Lock-Project\Testing\Debug\Obj\HAL\motor.o
#        D:\DeepLearning\IAR_PROJECTS\Embedded\Door-Lock-Project\Testing\Debug\Obj\HAL\potentiometer.o
#        D:\DeepLearning\IAR_PROJECTS\Embedded\Door-Lock-Project\Testing\Debug\Obj\MCAL\systick.o
#        D:\DeepLearning\IAR_PROJECTS\Embedded\Door-Lock-Project\Testing\Debug\Obj\MCAL\uart.o
#        --no_out_extension -o
#        D:\DeepLearning\IAR_PROJECTS\Embedded\Door-Lock-Project\Testing\Debug\Exe\tests.out
#        --redirect _Printf=_PrintfFullNoMb --redirect _Scanf=_ScanfFullNoMb
#        --map
#        D:\DeepLearning\IAR_PROJECTS\Embedded\Door-Lock-Project\Testing\Debug\List\tests.map
#        --config "D:\programs\IAR Systems\Emdeded Workbench
#        9.0_2\arm\config\linker\TexasInstruments\TM4C123GH6.icf" --semihosting
#        --entry __iar_program_start --vfe --text_out locale)
#
###############################################################################

*******************************************************************************
*** RUNTIME MODEL ATTRIBUTES
***

CppFlavor       = *
__SystemLibrary = DLib
__dlib_version  = 6


*******************************************************************************
*** HEAP SELECTION
***

The basic heap was selected because no calls to memory allocation
functions were found in the application outside of system library
functions, and there are calls to deallocation functions in the
application.


*******************************************************************************
*** PLACEMENT SUMMARY
***

"A0":  place at address 0x0 { ro section .intvec };
"P1":  place in [from 0x0 to 0x3'ffff] { ro };
define block CSTACK with size = 4K, alignment = 8 { };
define block HEAP with size = 8K, alignment = 8 { };
"P2":  place in [from 0x2000'0000 to 0x2000'7fff] {
          rw, block CSTACK, block HEAP };
initialize by copy { rw };

  Section            Kind         Address    Size  Object
  -------            ----         -------    ----  ------
"A0":                                        0x40
  .intvec            ro code          0x0    0x40  vector_table_M.o [6]
                                   - 0x40    0x40

"P1":                                      0x26a0
  .text              ro code         0x40   0xf16  xprintffull_nomb.o [4]
  .text              ro code        0xf56    0x2a  copy_init3.o [6]
  .text              ro code        0xf80    0x16  strchr.o [6]
  .text              ro code        0xf96     0x2  vectortrap_M.o [6]
  .text              ro code        0xf98    0x40  xfail_s.o [4]
  .text              ro code        0xfd8    0x36  strlen.o [6]
  .text              ro code       0x1010    0x58  memchr.o [6]
  .text              ro code       0x1068    0x76  ABImemcpy_unaligned.o [6]
  .text              ro code       0x10e0    0x70  frexp.o [5]
  .text              ro code       0x1150    0x34  DblCmpLe.o [5]
  .text              ro code       0x1184    0x34  DblCmpGe.o [5]
  .text              ro code       0x11b8   0x13a  ldexp.o [5]
  .text              ro code       0x12f4    0x36  DblToS32.o [5]
  .text              ro code       0x132c    0x22  S32ToDbl.o [5]
  .text              ro code       0x1350   0x24e  DblAddSub.o [5]
  .text              ro code       0x15a0   0x246  DblDiv.o [5]
  .text              ro code       0x17e8    0x22  DblToU32.o [5]
  .text              ro code       0x180c    0x1c  U32ToDbl.o [5]
  .text              ro code       0x1828   0x1aa  DblMul.o [5]
  .text              ro code       0x19d4   0x230  I64DivMod.o [6]
  .text              ro code       0x1c04     0x6  abort.o [4]
  .text              ro code       0x1c0c     0x2  I64DivZer.o [6]
  .text              ro code       0x1c10    0x14  exit.o [7]
  .text              ro code       0x1c24    0x7c  iarttio.o [7]
  .text              ro code       0x1ca0     0x8  XShttio.o [4]
  .text              ro code       0x1ca8   0x4e4  dio.o [3]
  .text              ro code       0x218c   0x128  keypad.o [2]
  .text              ro code       0x22b4    0xca  Buzzer.o [2]
  .text              ro code       0x2380    0x60  systick.o [3]
  .text              ro code       0x23e0    0x7e  main.o [1]
  .text              ro code       0x2460    0x28  printf.o [4]
  .rodata            const         0x2488    0x44  main.o [1]
  .rodata            const         0x24cc    0x34  main.o [1]
  .rodata            const         0x2500    0x34  main.o [1]
  .text              ro code       0x2534    0x28  data_init.o [6]
  .rodata            const         0x255c    0x24  main.o [1]
  .text              ro code       0x2580    0x22  fpinit_M.o [5]
  .text              ro code       0x25a2    0x22  iarwrite.o [7]
  .iar.init_table    const         0x25c4    0x14  - Linker created -
  .text              ro code       0x25d8    0x20  putchar.o [4]
  .text              ro code       0x25f8    0x10  write.o [7]
  .text              ro code       0x2608    0x1e  dwrite.o [7]
  .text              ro code       0x2626    0x20  iarwstd.o [7]
  .text              ro code       0x2648    0x1e  cmain.o [6]
  .text              ro code       0x2666     0x4  low_level_init.o [4]
  .text              ro code       0x266a     0x4  exit.o [4]
  .text              ro code       0x2670     0xa  cexit.o [6]
  .text              ro code       0x267c    0x1c  cstartup_M.o [6]
  .text              ro code       0x2698    0x16  xprout.o [4]
  .rodata            const         0x26b0    0x10  keypad.o [2]
  Initializer bytes  const         0x26c0    0x10  <for P2-1>
  .rodata            const         0x26d0     0x4  keypad.o [2]
  .rodata            const         0x26d4     0x4  keypad.o [2]
  .rodata            const         0x26d8     0x4  keypad.o [2]
  .rodata            const         0x26dc     0x4  keypad.o [2]
  .rodata            const         0x26e0     0x0  copy_init3.o [6]
                                 - 0x26e0  0x26a0

"P2", part 1 of 2:                           0x10
  P2-1                        0x2000'0000     0xd  <Init block>
    .data            inited   0x2000'0000     0x8  XShttio.o [4]
    .bss             inited   0x2000'0008     0x4  xfail_s.o [4]
    .bss             inited   0x2000'000c     0x1  systick.o [3]
                            - 0x2000'000d     0xd

"P2", part 2 of 2:                         0x1000
  CSTACK                      0x2000'0010  0x1000  <Block>
    CSTACK           uninit   0x2000'0010  0x1000  <Block tail>
                            - 0x2000'1010  0x1000

Unused ranges:

         From           To      Size
         ----           --      ----
       0x26e0     0x3'ffff  0x3'd920
  0x2000'1010  0x2000'7fff    0x6ff0


*******************************************************************************
*** INIT TABLE
***

          Address      Size
          -------      ----
Copy (__iar_copy_init3)
    1 source range, total size 0x10 (123% of destination):
               0x26c0  0x10
    1 destination range, total size 0xd:
          0x2000'0000   0xd



*******************************************************************************
*** MODULE SUMMARY
***

    Module                 ro code  ro data  rw data
    ------                 -------  -------  -------
command line/config:
    ------------------------------------------------
    Total:

D:\DeepLearning\IAR_PROJECTS\Embedded\Door-Lock-Project\Testing\Debug\Obj: [1]
    main.o                     126      208
    ------------------------------------------------
    Total:                     126      208

D:\DeepLearning\IAR_PROJECTS\Embedded\Door-Lock-Project\Testing\Debug\Obj\HAL: [2]
    Buzzer.o                   202
    keypad.o                   296       32
    ------------------------------------------------
    Total:                     498       32

D:\DeepLearning\IAR_PROJECTS\Embedded\Door-Lock-Project\Testing\Debug\Obj\MCAL: [3]
    dio.o                    1'252
    systick.o                   96        1        1
    ------------------------------------------------
    Total:                   1'348        1        1

dl7M_tln.a: [4]
    XShttio.o                    8        8        8
    abort.o                      6
    exit.o                       4
    low_level_init.o             4
    printf.o                    40
    putchar.o                   32
    xfail_s.o                   64        4        4
    xprintffull_nomb.o       3'862
    xprout.o                    22
    ------------------------------------------------
    Total:                   4'042       12       12

m7M_tls.a: [5]
    DblAddSub.o                590
    DblCmpGe.o                  52
    DblCmpLe.o                  52
    DblDiv.o                   582
    DblMul.o                   426
    DblToS32.o                  54
    DblToU32.o                  34
    S32ToDbl.o                  34
    U32ToDbl.o                  28
    fpinit_M.o                  34
    frexp.o                    112
    ldexp.o                    314
    ------------------------------------------------
    Total:                   2'312

rt7M_tl.a: [6]
    ABImemcpy_unaligned.o      118
    I64DivMod.o                560
    I64DivZer.o                  2
    cexit.o                     10
    cmain.o                     30
    copy_init3.o                42
    cstartup_M.o                28
    data_init.o                 40
    memchr.o                    88
    strchr.o                    22
    strlen.o                    54
    vector_table_M.o            64
    vectortrap_M.o               2
    ------------------------------------------------
    Total:                   1'060

shb_l.a: [7]
    dwrite.o                    30
    exit.o                      20
    iarttio.o                  124
    iarwrite.o                  34
    iarwstd.o                   32
    write.o                     16
    ------------------------------------------------
    Total:                     256

    Gaps                        32        2
    Linker created                       23    4'096
----------------------------------------------------
    Grand Total:             9'674      278    4'109


*******************************************************************************
*** ENTRY LIST
***

Entry                       Address   Size  Type      Object
-----                       -------   ----  ----      ------
.iar.init_table$$Base        0x25c4          --   Gb  - Linker created -
.iar.init_table$$Limit       0x25d8          --   Gb  - Linker created -
?main                        0x2649         Code  Gb  cmain.o [6]
BusFault_Handler              0xf97         Code  Wk  vectortrap_M.o [6]
Buzzer_Beep                  0x2369   0x16  Code  Gb  Buzzer.o [2]
Buzzer_Init                  0x22b5   0x72  Code  Gb  Buzzer.o [2]
Buzzer_Off                   0x2335    0xe  Code  Gb  Buzzer.o [2]
Buzzer_On                    0x2327    0xe  Code  Gb  Buzzer.o [2]
CSTACK$$Base            0x2000'0010          --   Gb  - Linker created -
CSTACK$$Limit           0x2000'1010          --   Gb  - Linker created -
DIO_Init                     0x1ca9  0x29e  Code  Gb  dio.o [3]
DIO_ReadPin                  0x1fef   0x48  Code  Gb  dio.o [3]
DIO_SetPUR                   0x2037   0x9c  Code  Gb  dio.o [3]
DIO_WritePin                 0x1f47   0xa8  Code  Gb  dio.o [3]
DebugMon_Handler              0xf97         Code  Wk  vectortrap_M.o [6]
DelayMs                      0x23ad   0x22  Code  Gb  systick.o [3]
HardFault_Handler             0xf97         Code  Wk  vectortrap_M.o [6]
Keypad_GetKey                0x21fd   0xa4  Code  Gb  keypad.o [2]
Keypad_Init                  0x218d   0x70  Code  Gb  keypad.o [2]
MemManage_Handler             0xf97         Code  Wk  vectortrap_M.o [6]
NMI_Handler                   0xf97         Code  Wk  vectortrap_M.o [6]
PendSV_Handler                0xf97         Code  Wk  vectortrap_M.o [6]
Region$$Table$$Base          0x25c4          --   Gb  - Linker created -
Region$$Table$$Limit         0x25d8          --   Gb  - Linker created -
SVC_Handler                   0xf97         Code  Wk  vectortrap_M.o [6]
SysTick_Handler               0xf97         Code  Wk  vectortrap_M.o [6]
SysTick_Init                 0x2381   0x2c  Code  Gb  systick.o [3]
UsageFault_Handler            0xf97         Code  Wk  vectortrap_M.o [6]
_LitobFullNoMb                0xd5d  0x10c  Code  Lc  xprintffull_nomb.o [4]
_PrintfFullNoMb                0x41  0xcec  Code  Gb  xprintffull_nomb.o [4]
_Prout                       0x2699   0x16  Code  Gb  xprout.o [4]
_PutcharFullNoMb              0xec1   0x20  Code  Lc  xprintffull_nomb.o [4]
_PutcharsFullNoMb             0xee1   0x2e  Code  Lc  xprintffull_nomb.o [4]
__aeabi_cdcmple              0x1151         Code  Gb  DblCmpLe.o [5]
__aeabi_cdrcmple             0x1185         Code  Gb  DblCmpGe.o [5]
__aeabi_d2iz                 0x12f5         Code  Gb  DblToS32.o [5]
__aeabi_d2uiz                0x17e9         Code  Gb  DblToU32.o [5]
__aeabi_ddiv                 0x15a1         Code  Gb  DblDiv.o [5]
__aeabi_dmul                 0x1829         Code  Gb  DblMul.o [5]
__aeabi_dsub                 0x14bd         Code  Gb  DblAddSub.o [5]
__aeabi_i2d                  0x132d         Code  Gb  S32ToDbl.o [5]
__aeabi_ldiv0                0x1c0d         Code  Gb  I64DivZer.o [6]
__aeabi_ui2d                 0x180d         Code  Gb  U32ToDbl.o [5]
__aeabi_uldivmod             0x19d5         Code  Gb  I64DivMod.o [6]
__cmain                      0x2649         Code  Gb  cmain.o [6]
__dwrite                     0x2609   0x1e  Code  Gb  dwrite.o [7]
__exit                       0x1c11   0x14  Code  Gb  exit.o [7]
__iar_Fail_s                  0xf99   0x1c  Code  Gb  xfail_s.o [4]
__iar_Memchr                 0x1011         Code  Gb  memchr.o [6]
__iar_Strchr                  0xf81         Code  Gb  strchr.o [6]
__iar_close_ttio             0x1c25   0x2c  Code  Gb  iarttio.o [7]
__iar_copy_init3              0xf57   0x2a  Code  Gb  copy_init3.o [6]
__iar_data_init3             0x2535   0x28  Code  Gb  data_init.o [6]
__iar_frexp                  0x10ed         Code  Gb  frexp.o [5]
__iar_frexpl                 0x10ed         Code  Gb  frexp.o [5]
__iar_get_ttio               0x1c51   0x4c  Code  Gb  iarttio.o [7]
__iar_init_vfp               0x2581         Code  Gb  fpinit_M.o [5]
__iar_ldexp64                0x11b9         Code  Gb  ldexp.o [5]
__iar_lookup_ttioh           0x1ca1    0x8  Code  Gb  XShttio.o [4]
__iar_program_start          0x267d         Code  Gb  cstartup_M.o [6]
__iar_scalbln64              0x11b9         Code  Gb  ldexp.o [5]
__iar_scalbn64               0x11b9         Code  Gb  ldexp.o [5]
__iar_sh_stdout              0x2627   0x20  Code  Gb  iarwstd.o [7]
__iar_sh_write               0x25a3   0x22  Code  Gb  iarwrite.o [7]
__iar_softfp___iar_frexp64
                             0x10e1         Code  Gb  frexp.o [5]
__iar_softfp_frexp           0x10e1         Code  Gb  frexp.o [5]
__iar_softfp_frexpl          0x10e1         Code  Gb  frexp.o [5]
__iar_ttio_handles      0x2000'0000    0x8  Data  Lc  XShttio.o [4]
__iar_unaligned_memcpy       0x1069         Code  Gb  ABImemcpy_unaligned.o [6]
__iar_unaligned_memcpy4
                             0x1089         Code  Gb  ABImemcpy_unaligned.o [6]
__iar_unaligned_memcpy8
                             0x1089         Code  Gb  ABImemcpy_unaligned.o [6]
__low_level_init             0x2667    0x4  Code  Gb  low_level_init.o [4]
__vector_table                  0x0         Data  Gb  vector_table_M.o [6]
__write                      0x25f9   0x10  Code  Gb  write.o [7]
_call_main                   0x2655         Code  Gb  cmain.o [6]
_exit                        0x2671         Code  Gb  cexit.o [6]
abort                        0x1c05    0x6  Code  Gb  abort.o [4]
exit                         0x266b    0x4  Code  Gb  exit.o [4]
interruptMode           0x2000'000c    0x1  Data  Lc  systick.o [3]
keypad_buzzer_test           0x23e1   0x5a  Code  Gb  main.o [1]
keypad_codes                 0x26b0   0x10  Data  Gb  keypad.o [2]
ldexp                        0x11b9         Code  Gb  ldexp.o [5]
ldexpl                       0x11b9         Code  Gb  ldexp.o [5]
main                         0x244d   0x12  Code  Gb  main.o [1]
memchr                       0x1011         Code  Gb  memchr.o [6]
printf                       0x2461   0x28  Code  Gb  printf.o [4]
putchar                      0x25d9   0x20  Code  Gb  putchar.o [4]
scalbln                      0x11b9         Code  Gb  ldexp.o [5]
scalblnl                     0x11b9         Code  Gb  ldexp.o [5]
scalbn                       0x11b9         Code  Gb  ldexp.o [5]
scalbnl                      0x11b9         Code  Gb  ldexp.o [5]
scale                         0xe69   0x46  Code  Lc  xprintffull_nomb.o [4]
sec_hand                0x2000'0008    0x4  Data  Lc  xfail_s.o [4]
strchr                        0xf81         Code  Gb  strchr.o [6]
strlen                        0xfd9         Code  Gb  strlen.o [6]


[1] = D:\DeepLearning\IAR_PROJECTS\Embedded\Door-Lock-Project\Testing\Debug\Obj
[2] = D:\DeepLearning\IAR_PROJECTS\Embedded\Door-Lock-Project\Testing\Debug\Obj\HAL
[3] = D:\DeepLearning\IAR_PROJECTS\Embedded\Door-Lock-Project\Testing\Debug\Obj\MCAL
[4] = dl7M_tln.a
[5] = m7M_tls.a
[6] = rt7M_tl.a
[7] = shb_l.a

  9'674 bytes of readonly  code memory
    278 bytes of readonly  data memory
  4'109 bytes of readwrite data memory

Errors: none
Warnings: none
