###############################################################################
#
# IAR ELF Linker V9.10.1.308/W64 for ARM                  15/Dec/2025  22:23:06
# Copyright 2007-2021 IAR Systems AB.
#
#    Output file  =
#        D:\DeepLearning\IAR_PROJECTS\Embedded\Door-Lock-Project\Debug\Exe\05-EEPROM-Demo.out
#    Map file     =
#        D:\DeepLearning\IAR_PROJECTS\Embedded\Door-Lock-Project\Debug\List\05-EEPROM-Demo.map
#    Command line =
#        -f
#        D:\DeepLearning\IAR_PROJECTS\Embedded\Door-Lock-Project\Debug\Exe\05-EEPROM-Demo.out.rsp
#        (D:\DeepLearning\IAR_PROJECTS\Embedded\Door-Lock-Project\Debug\Obj\Control_ECU\MCAL\adc.o
#        D:\DeepLearning\IAR_PROJECTS\Embedded\Door-Lock-Project\Debug\Obj\Control_ECU\HAL\Buzzer.o
#        D:\DeepLearning\IAR_PROJECTS\Embedded\Door-Lock-Project\Debug\Obj\Control_ECU\MCAL\dio.o
#        C:\ti\TivaWare_C_Series-2.2.0.295\driverlib\ewarm\Exe\driverlib.a
#        D:\DeepLearning\IAR_PROJECTS\Embedded\Door-Lock-Project\Debug\Obj\Control_ECU\Application\ECU_main.o
#        D:\DeepLearning\IAR_PROJECTS\Embedded\Door-Lock-Project\Debug\Obj\Control_ECU\MCAL\eeprom.o
#        D:\DeepLearning\IAR_PROJECTS\Embedded\Door-Lock-Project\Debug\Obj\HMI_ECU\HAL\keypad.o
#        D:\DeepLearning\IAR_PROJECTS\Embedded\Door-Lock-Project\Debug\Obj\HMI_ECU\HAL\lcd.o
#        D:\DeepLearning\IAR_PROJECTS\Embedded\Door-Lock-Project\Debug\Obj\Control_ECU\HAL\motor.o
#        D:\DeepLearning\IAR_PROJECTS\Embedded\Door-Lock-Project\Debug\Obj\HMI_ECU\HAL\potentiometer.o
#        D:\DeepLearning\IAR_PROJECTS\Embedded\Door-Lock-Project\Debug\Obj\Control_ECU\MCAL\systick.o
#        D:\DeepLearning\IAR_PROJECTS\Embedded\Door-Lock-Project\Debug\Obj\Control_ECU\MCAL\uart.o
#        --no_out_extension -o
#        D:\DeepLearning\IAR_PROJECTS\Embedded\Door-Lock-Project\Debug\Exe\05-EEPROM-Demo.out
#        --redirect _Printf=_PrintfFullNoMb --redirect _Scanf=_ScanfFullNoMb
#        --map
#        D:\DeepLearning\IAR_PROJECTS\Embedded\Door-Lock-Project\Debug\List\05-EEPROM-Demo.map
#        --config "D:\programs\IAR Systems\Emdeded Workbench
#        9.0_2\arm\config\linker\TexasInstruments\TM4C123GH6.icf" --semihosting
#        C:\ti\TivaWare_C_Series-2.2.0.295\driverlib\ewarm\Exe\driverlib.a
#        --entry __iar_program_start --vfe --text_out locale)
#
###############################################################################

*******************************************************************************
*** RUNTIME MODEL ATTRIBUTES
***

CppFlavor       = *
__SystemLibrary = DLib
__dlib_version  = 6


*******************************************************************************
*** HEAP SELECTION
***

The basic heap was selected because no calls to memory allocation
functions were found in the application outside of system library
functions, and there are calls to deallocation functions in the
application.


*******************************************************************************
*** PLACEMENT SUMMARY
***

"A0":  place at address 0x0 { ro section .intvec };
"P1":  place in [from 0x0 to 0x3'ffff] { ro };
define block CSTACK with size = 4K, alignment = 8 { };
define block HEAP with size = 8K, alignment = 8 { };
"P2":  place in [from 0x2000'0000 to 0x2000'7fff] {
          rw, block CSTACK, block HEAP };

No sections matched the following patterns:

  rw  in "P2"


  Section   Kind         Address    Size  Object
  -------   ----         -------    ----  ------
"A0":                               0x40
  .intvec   ro code          0x0    0x40  vector_table_M.o [7]
                          - 0x40    0x40

"P1":                               0x8c
  .text     ro code         0x40    0x22  fpinit_M.o [6]
  .text     ro code         0x62     0x2  vectortrap_M.o [7]
  .text     ro code         0x64    0x1e  cmain.o [7]
  .text     ro code         0x82     0x4  low_level_init.o [5]
  .text     ro code         0x86     0x4  ECU_main.o [1]
  .text     ro code         0x8a     0x4  exit.o [5]
  .text     ro code         0x90     0xa  cexit.o [7]
  .text     ro code         0x9c    0x14  exit.o [8]
  .text     ro code         0xb0    0x1c  cstartup_M.o [7]
                          - 0xcc    0x8c

"P2":                             0x1000
  CSTACK             0x2000'0000  0x1000  <Block>
    CSTACK  uninit   0x2000'0000  0x1000  <Block tail>
                   - 0x2000'1000  0x1000

Unused ranges:

         From           To      Size
         ----           --      ----
         0xcc     0x3'ffff  0x3'ff34
  0x2000'1000  0x2000'7fff    0x7000



*******************************************************************************
*** MODULE SUMMARY
***

    Module            ro code  rw data
    ------            -------  -------
command line/config:
    ----------------------------------
    Total:

D:\DeepLearning\IAR_PROJECTS\Embedded\Door-Lock-Project\Debug\Obj\Control_ECU\Application: [1]
    ECU_main.o              4
    ----------------------------------
    Total:                  4

D:\DeepLearning\IAR_PROJECTS\Embedded\Door-Lock-Project\Debug\Obj\Control_ECU\HAL: [2]
    ----------------------------------
    Total:

D:\DeepLearning\IAR_PROJECTS\Embedded\Door-Lock-Project\Debug\Obj\Control_ECU\MCAL: [3]
    ----------------------------------
    Total:

D:\DeepLearning\IAR_PROJECTS\Embedded\Door-Lock-Project\Debug\Obj\HMI_ECU\HAL: [4]
    ----------------------------------
    Total:

dl7M_tln.a: [5]
    exit.o                  4
    low_level_init.o        4
    ----------------------------------
    Total:                  8

m7M_tls.a: [6]
    fpinit_M.o             34
    ----------------------------------
    Total:                 34

rt7M_tl.a: [7]
    cexit.o                10
    cmain.o                30
    cstartup_M.o           28
    vector_table_M.o       64
    vectortrap_M.o          2
    ----------------------------------
    Total:                134

shb_l.a: [8]
    exit.o                 20
    ----------------------------------
    Total:                 20

    Gaps                    4
    Linker created               4'096
--------------------------------------
    Grand Total:          204    4'096


*******************************************************************************
*** ENTRY LIST
***

Entry                     Address  Size  Type      Object
-----                     -------  ----  ----      ------
?main                        0x65        Code  Gb  cmain.o [7]
BusFault_Handler             0x63        Code  Wk  vectortrap_M.o [7]
CSTACK$$Base          0x2000'0000         --   Gb  - Linker created -
CSTACK$$Limit         0x2000'1000         --   Gb  - Linker created -
DebugMon_Handler             0x63        Code  Wk  vectortrap_M.o [7]
HardFault_Handler            0x63        Code  Wk  vectortrap_M.o [7]
MemManage_Handler            0x63        Code  Wk  vectortrap_M.o [7]
NMI_Handler                  0x63        Code  Wk  vectortrap_M.o [7]
PendSV_Handler               0x63        Code  Wk  vectortrap_M.o [7]
Region$$Table$$Base           0x0         --   Gb  - Linker created -
Region$$Table$$Limit          0x0         --   Gb  - Linker created -
SVC_Handler                  0x63        Code  Wk  vectortrap_M.o [7]
SysTick_Handler              0x63        Code  Wk  vectortrap_M.o [7]
UsageFault_Handler           0x63        Code  Wk  vectortrap_M.o [7]
__cmain                      0x65        Code  Gb  cmain.o [7]
__exit                       0x9d  0x14  Code  Gb  exit.o [8]
__iar_init_vfp               0x41        Code  Gb  fpinit_M.o [6]
__iar_program_start          0xb1        Code  Gb  cstartup_M.o [7]
__low_level_init             0x83   0x4  Code  Gb  low_level_init.o [5]
__vector_table                0x0        Data  Gb  vector_table_M.o [7]
_call_main                   0x71        Code  Gb  cmain.o [7]
_exit                        0x91        Code  Gb  cexit.o [7]
exit                         0x8b   0x4  Code  Gb  exit.o [5]
main                         0x87   0x4  Code  Gb  ECU_main.o [1]


[1] = D:\DeepLearning\IAR_PROJECTS\Embedded\Door-Lock-Project\Debug\Obj\Control_ECU\Application
[2] = D:\DeepLearning\IAR_PROJECTS\Embedded\Door-Lock-Project\Debug\Obj\Control_ECU\HAL
[3] = D:\DeepLearning\IAR_PROJECTS\Embedded\Door-Lock-Project\Debug\Obj\Control_ECU\MCAL
[4] = D:\DeepLearning\IAR_PROJECTS\Embedded\Door-Lock-Project\Debug\Obj\HMI_ECU\HAL
[5] = dl7M_tln.a
[6] = m7M_tls.a
[7] = rt7M_tl.a
[8] = shb_l.a

    204 bytes of readonly  code memory
  4'096 bytes of readwrite data memory

Errors: none
Warnings: none
