###############################################################################
#
# IAR ELF Linker V9.10.1.308/W64 for ARM                  17/Dec/2025  13:18:12
# Copyright 2007-2021 IAR Systems AB.
#
#    Output file  =
#        D:\DeepLearning\IAR_PROJECTS\Embedded\Door-Lock-Project\Debug\Exe\ECU_Control.out
#    Map file     =
#        D:\DeepLearning\IAR_PROJECTS\Embedded\Door-Lock-Project\Debug\List\ECU_Control.map
#    Command line =
#        -f
#        D:\DeepLearning\IAR_PROJECTS\Embedded\Door-Lock-Project\Debug\Exe\ECU_Control.out.rsp
#        (D:\DeepLearning\IAR_PROJECTS\Embedded\Door-Lock-Project\Debug\Obj\Control_ECU\MCAL\adc.o
#        D:\DeepLearning\IAR_PROJECTS\Embedded\Door-Lock-Project\Debug\Obj\Control_ECU\HAL\Buzzer.o
#        D:\DeepLearning\IAR_PROJECTS\Embedded\Door-Lock-Project\Debug\Obj\Control_ECU\MCAL\dio.o
#        C:\ti\TivaWare_C_Series-2.2.0.295\driverlib\ewarm\Exe\driverlib.a
#        D:\DeepLearning\IAR_PROJECTS\Embedded\Door-Lock-Project\Debug\Obj\Control_ECU\Application\ECU_main.o
#        D:\DeepLearning\IAR_PROJECTS\Embedded\Door-Lock-Project\Debug\Obj\Control_ECU\MCAL\eeprom.o
#        D:\DeepLearning\IAR_PROJECTS\Embedded\Door-Lock-Project\Debug\Obj\Control_ECU\HAL\motor.o
#        D:\DeepLearning\IAR_PROJECTS\Embedded\Door-Lock-Project\Debug\Obj\Control_ECU\MCAL\systick.o
#        D:\DeepLearning\IAR_PROJECTS\Embedded\Door-Lock-Project\Debug\Obj\Control_ECU\MCAL\uart.o
#        --no_out_extension -o
#        D:\DeepLearning\IAR_PROJECTS\Embedded\Door-Lock-Project\Debug\Exe\ECU_Control.out
#        --redirect _Printf=_PrintfFullNoMb --redirect _Scanf=_ScanfFullNoMb
#        --map
#        D:\DeepLearning\IAR_PROJECTS\Embedded\Door-Lock-Project\Debug\List\ECU_Control.map
#        --config "D:\programs\IAR Systems\Emdeded Workbench
#        9.0_2\arm\config\linker\TexasInstruments\TM4C123GH6.icf" --semihosting
#        C:\ti\TivaWare_C_Series-2.2.0.295\driverlib\ewarm\Exe\driverlib.a
#        --entry __iar_program_start --vfe --text_out locale)
#
###############################################################################

*******************************************************************************
*** RUNTIME MODEL ATTRIBUTES
***

CppFlavor       = *
__SystemLibrary = DLib
__dlib_version  = 6


*******************************************************************************
*** HEAP SELECTION
***

The basic heap was selected because no calls to memory allocation
functions were found in the application outside of system library
functions, and there are calls to deallocation functions in the
application.


*******************************************************************************
*** PLACEMENT SUMMARY
***

"A0":  place at address 0x0 { ro section .intvec };
"P1":  place in [from 0x0 to 0x3'ffff] { ro };
define block CSTACK with size = 4K, alignment = 8 { };
define block HEAP with size = 8K, alignment = 8 { };
"P2":  place in [from 0x2000'0000 to 0x2000'7fff] {
          rw, block CSTACK, block HEAP };
initialize by copy { rw };

  Section            Kind         Address    Size  Object
  -------            ----         -------    ----  ------
"A0":                                        0x40
  .intvec            ro code          0x0    0x40  vector_table_M.o [6]
                                   - 0x40    0x40

"P1":                                       0xe6a
  .text              ro code         0x40   0x3ec  dio.o [3]
  .text              ro code        0x42c   0x3dc  ECU_main.o [1]
  .text              ro code        0x808    0x60  systick.o [3]
  .text              ro code        0x868    0x5c  motor.o [2]
  .text              ro code        0x8c4    0xca  Buzzer.o [2]
  .text              ro code        0x98e    0x3a  packbits_init_single.o [6]
  .text              ro code        0x9c8    0x66  ABImemset.o [6]
  .text              ro code        0xa2e     0x2  vectortrap_M.o [6]
  .text              ro code        0xa30   0x24c  eeprom.o [3]
  .text              ro code        0xc7c   0x168  uart.o [3]
  .text              ro code        0xde4    0x28  data_init.o [6]
  .text              ro code        0xe0c    0x22  fpinit_M.o [5]
  .iar.init_table    const          0xe30    0x10  - Linker created -
  .text              ro code        0xe40    0x1e  cmain.o [6]
  .text              ro code        0xe5e     0x4  low_level_init.o [4]
  .text              ro code        0xe62     0x4  exit.o [4]
  .text              ro code        0xe68     0xa  cexit.o [6]
  .text              ro code        0xe74    0x14  exit.o [7]
  .text              ro code        0xe88    0x1c  cstartup_M.o [6]
  .rodata            const          0xea4     0x0  packbits_init_single.o [6]
  Initializer bytes  const          0xea4     0x6  <for P2-1>
                                  - 0xeaa   0xe6a

"P2", part 1 of 2:                           0x13
  P2-1                        0x2000'0000    0x13  <Init block>
    .bss             inited   0x2000'0000     0x8  ECU_main.o [1]
    .bss             inited   0x2000'0008     0x8  ECU_main.o [1]
    .data            inited   0x2000'0010     0x1  ECU_main.o [1]
    .bss             inited   0x2000'0011     0x1  ECU_main.o [1]
    .bss             inited   0x2000'0012     0x1  systick.o [3]
                            - 0x2000'0013    0x13

"P2", part 2 of 2:                         0x1000
  CSTACK                      0x2000'0018  0x1000  <Block>
    CSTACK           uninit   0x2000'0018  0x1000  <Block tail>
                            - 0x2000'1018  0x1000

Unused ranges:

         From           To      Size
         ----           --      ----
        0xeaa     0x3'ffff  0x3'f156
  0x2000'0013  0x2000'0017       0x5
  0x2000'1018  0x2000'7fff    0x6fe8


*******************************************************************************
*** INIT TABLE
***

          Address      Size
          -------      ----
Copy/packbits (__iar_packbits_init_single3)
    1 source range, total size 0x6 (31% of destination):
                0xea4   0x6
    1 destination range, total size 0x13:
          0x2000'0000  0x13



*******************************************************************************
*** MODULE SUMMARY
***

    Module                  ro code  ro data  rw data
    ------                  -------  -------  -------
command line/config:
    -------------------------------------------------
    Total:

D:\DeepLearning\IAR_PROJECTS\Embedded\Door-Lock-Project\Debug\Obj\Control_ECU\Application: [1]
    ECU_main.o                  988        5       18
    -------------------------------------------------
    Total:                      988        5       18

D:\DeepLearning\IAR_PROJECTS\Embedded\Door-Lock-Project\Debug\Obj\Control_ECU\HAL: [2]
    Buzzer.o                    202
    motor.o                      92
    -------------------------------------------------
    Total:                      294

D:\DeepLearning\IAR_PROJECTS\Embedded\Door-Lock-Project\Debug\Obj\Control_ECU\MCAL: [3]
    dio.o                     1'004
    eeprom.o                    588
    systick.o                    96        1        1
    uart.o                      360
    -------------------------------------------------
    Total:                    2'048        1        1

dl7M_tln.a: [4]
    exit.o                        4
    low_level_init.o              4
    -------------------------------------------------
    Total:                        8

m7M_tls.a: [5]
    fpinit_M.o                   34
    -------------------------------------------------
    Total:                       34

rt7M_tl.a: [6]
    ABImemset.o                 102
    cexit.o                      10
    cmain.o                      30
    cstartup_M.o                 28
    data_init.o                  40
    packbits_init_single.o       58
    vector_table_M.o             64
    vectortrap_M.o                2
    -------------------------------------------------
    Total:                      334

shb_l.a: [7]
    exit.o                       20
    -------------------------------------------------
    Total:                       20

    Gaps                          4        2
    Linker created                        16    4'096
-----------------------------------------------------
    Grand Total:              3'730       24    4'115


*******************************************************************************
*** ENTRY LIST
***

Entry                       Address   Size  Type      Object
-----                       -------   ----  ----      ------
.iar.init_table$$Base         0xe30          --   Gb  - Linker created -
.iar.init_table$$Limit        0xe40          --   Gb  - Linker created -
?main                         0xe41         Code  Gb  cmain.o [6]
BusFault_Handler              0xa2f         Code  Wk  vectortrap_M.o [6]
Buzzer_Beep                   0x979   0x16  Code  Gb  Buzzer.o [2]
Buzzer_Init                   0x8c5   0x72  Code  Gb  Buzzer.o [2]
Buzzer_Off                    0x945    0xe  Code  Gb  Buzzer.o [2]
Buzzer_On                     0x937    0xe  Code  Gb  Buzzer.o [2]
CSTACK$$Base            0x2000'0018          --   Gb  - Linker created -
CSTACK$$Limit           0x2000'1018          --   Gb  - Linker created -
ClearPasswordBuffer           0x46d   0x24  Code  Gb  ECU_main.o [1]
DIO_Init                       0x41  0x2a0  Code  Gb  dio.o [3]
DIO_WritePin                  0x2e1   0xac  Code  Gb  dio.o [3]
DebugMon_Handler              0xa2f         Code  Wk  vectortrap_M.o [6]
DelayMs                       0x837   0x22  Code  Gb  systick.o [3]
Door_Init                     0x447   0x26  Code  Gb  ECU_main.o [1]
Door_Lock                     0x6d5   0x1c  Code  Gb  ECU_main.o [1]
Door_Unlock                   0x6f1   0x1c  Code  Gb  ECU_main.o [1]
EEPROM_Init                   0xa5d   0x68  Code  Gb  eeprom.o [3]
EEPROM_MassErase              0xc45   0x38  Code  Gb  eeprom.o [3]
EEPROM_ReadBuffer             0xbb9   0x8c  Code  Gb  eeprom.o [3]
EEPROM_ReadWord               0xaeb   0x24  Code  Gb  eeprom.o [3]
EEPROM_WaitDone               0xa31   0x2c  Code  Lc  eeprom.o [3]
EEPROM_WriteBuffer            0xb2d   0x8c  Code  Gb  eeprom.o [3]
EEPROM_WriteWord              0xac5   0x26  Code  Gb  eeprom.o [3]
HandleDoorOperation           0x70d   0x18  Code  Gb  ECU_main.o [1]
HardFault_Handler             0xa2f         Code  Wk  vectortrap_M.o [6]
MemManage_Handler             0xa2f         Code  Wk  vectortrap_M.o [6]
Motor_Init                    0x869   0x2c  Code  Gb  motor.o [2]
Motor_RotateCCW               0x8ad   0x18  Code  Gb  motor.o [2]
Motor_RotateCW                0x895   0x18  Code  Gb  motor.o [2]
NMI_Handler                   0xa2f         Code  Wk  vectortrap_M.o [6]
PendSV_Handler                0xa2f         Code  Wk  vectortrap_M.o [6]
Region$$Table$$Base           0xe30          --   Gb  - Linker created -
Region$$Table$$Limit          0xe40          --   Gb  - Linker created -
RetrievePassword              0x4cb   0x4a  Code  Gb  ECU_main.o [1]
RetrieveTimeout               0x537   0x3e  Code  Gb  ECU_main.o [1]
SVC_Handler                   0xa2f         Code  Wk  vectortrap_M.o [6]
StorePassword                 0x491   0x3a  Code  Gb  ECU_main.o [1]
StoreTimeout                  0x515   0x22  Code  Gb  ECU_main.o [1]
SysTick_Handler               0xa2f         Code  Wk  vectortrap_M.o [6]
SysTick_Init                  0x809   0x2e  Code  Gb  systick.o [3]
System_Init                   0x42d   0x1a  Code  Gb  ECU_main.o [1]
UART0_Init                    0xc7d   0x84  Code  Gb  uart.o [3]
UART0_IsDataAvailable         0xda1   0x12  Code  Gb  uart.o [3]
UART0_ReceiveChar             0xd13   0x10  Code  Gb  uart.o [3]
UART0_ReceiveString           0xd39   0x2a  Code  Gb  uart.o [3]
UART0_ReceiveUInt             0xd63   0x3e  Code  Gb  uart.o [3]
UART0_SendChar                0xd01   0x12  Code  Gb  uart.o [3]
UART0_SendString              0xd23   0x16  Code  Gb  uart.o [3]
UART_EEPROM_Init              0x623   0x1a  Code  Gb  ECU_main.o [1]
UART_RetrievePassword         0x63d   0x3c  Code  Gb  ECU_main.o [1]
UART_RetrieveTimeout          0x679   0x1a  Code  Gb  ECU_main.o [1]
UART_SavePasswordCase         0x5a1   0x82  Code  Gb  ECU_main.o [1]
UART_verifyPassword           0x693   0x42  Code  Gb  ECU_main.o [1]
UsageFault_Handler            0xa2f         Code  Wk  vectortrap_M.o [6]
VerifyPassword                0x575   0x2c  Code  Gb  ECU_main.o [1]
__aeabi_memset                0x9c9         Code  Gb  ABImemset.o [6]
__cmain                       0xe41         Code  Gb  cmain.o [6]
__exit                        0xe75   0x14  Code  Gb  exit.o [7]
__iar_Memset                  0x9c9         Code  Gb  ABImemset.o [6]
__iar_Memset_word             0x9d1         Code  Gb  ABImemset.o [6]
__iar_data_init3              0xde5   0x28  Code  Gb  data_init.o [6]
__iar_init_vfp                0xe0d         Code  Gb  fpinit_M.o [5]
__iar_packbits_init_single3
                              0x98f   0x3a  Code  Gb  packbits_init_single.o [6]
__iar_program_start           0xe89         Code  Gb  cstartup_M.o [6]
__low_level_init              0xe5f    0x4  Code  Gb  low_level_init.o [4]
__vector_table                  0x0         Data  Gb  vector_table_M.o [6]
_call_main                    0xe4d         Code  Gb  cmain.o [6]
_exit                         0xe69         Code  Gb  cexit.o [6]
auto_lock_timeout       0x2000'0010    0x1  Data  Lc  ECU_main.o [1]
buffer                  0x2000'0000    0x8  Data  Lc  ECU_main.o [1]
exit                          0xe63    0x4  Code  Gb  exit.o [4]
interruptMode           0x2000'0012    0x1  Data  Lc  systick.o [3]
main                          0x725   0xd0  Code  Gb  ECU_main.o [1]
password_index          0x2000'0011    0x1  Data  Lc  ECU_main.o [1]
stored_password         0x2000'0008    0x8  Data  Lc  ECU_main.o [1]


[1] = D:\DeepLearning\IAR_PROJECTS\Embedded\Door-Lock-Project\Debug\Obj\Control_ECU\Application
[2] = D:\DeepLearning\IAR_PROJECTS\Embedded\Door-Lock-Project\Debug\Obj\Control_ECU\HAL
[3] = D:\DeepLearning\IAR_PROJECTS\Embedded\Door-Lock-Project\Debug\Obj\Control_ECU\MCAL
[4] = dl7M_tln.a
[5] = m7M_tls.a
[6] = rt7M_tl.a
[7] = shb_l.a

  3'730 bytes of readonly  code memory
     24 bytes of readonly  data memory
  4'115 bytes of readwrite data memory

Errors: none
Warnings: none
